[    0.000000] Linux version 4.15.0-74-generic (buildd@lcy01-amd64-022) (gcc version 7.4.0 (Ubuntu 7.4.0-1ubuntu1~18.04.1)) #84-Ubuntu SMP Thu Dec 19 08:06:28 UTC 2019 (Ubuntu 4.15.0-74.84-generic 4.15.18)
[    0.000000] Command line: BOOT_IMAGE=/boot/vmlinuz-4.15.0-74-generic root=LABEL=cloudimg-rootfs ro console=tty1 console=ttyS0
[    0.000000] KERNEL supported cpus:
[    0.000000]   Intel GenuineIntel
[    0.000000]   AMD AuthenticAMD
[    0.000000]   Centaur CentaurHauls
[    0.000000] x86/fpu: Supporting XSAVE feature 0x001: 'x87 floating point registers'
[    0.000000] x86/fpu: Supporting XSAVE feature 0x002: 'SSE registers'
[    0.000000] x86/fpu: Supporting XSAVE feature 0x004: 'AVX registers'
[    0.000000] x86/fpu: xstate_offset[2]:  576, xstate_sizes[2]:  256
[    0.000000] x86/fpu: Enabled xstate features 0x7, context size is 832 bytes, using 'standard' format.
[    0.000000] e820: BIOS-provided physical RAM map:
[    0.000000] BIOS-e820: [mem 0x0000000000000000-0x000000000009fbff] usable
[    0.000000] BIOS-e820: [mem 0x000000000009fc00-0x000000000009ffff] reserved
[    0.000000] BIOS-e820: [mem 0x00000000000f0000-0x00000000000fffff] reserved
[    0.000000] BIOS-e820: [mem 0x0000000000100000-0x000000003ffeffff] usable
[    0.000000] BIOS-e820: [mem 0x000000003fff0000-0x000000003fffffff] ACPI data
[    0.000000] BIOS-e820: [mem 0x00000000fec00000-0x00000000fec00fff] reserved
[    0.000000] BIOS-e820: [mem 0x00000000fee00000-0x00000000fee00fff] reserved
[    0.000000] BIOS-e820: [mem 0x00000000fffc0000-0x00000000ffffffff] reserved
[    0.000000] NX (Execute Disable) protection: active
[    0.000000] SMBIOS 2.5 present.
[    0.000000] DMI: innotek GmbH VirtualBox/VirtualBox, BIOS VirtualBox 12/01/2006
[    0.000000] Hypervisor detected: KVM
[    0.000000] e820: last_pfn = 0x3fff0 max_arch_pfn = 0x400000000
[    0.000000] MTRR: Disabled
[    0.000000] x86/PAT: MTRRs disabled, skipping PAT initialization too.
[    0.000000] CPU MTRRs all blank - virtualized system.
[    0.000000] x86/PAT: Configuration [0-7]: WB  WT  UC- UC  WB  WT  UC- UC  
[    0.000000] found SMP MP-table at [mem 0x0009fff0-0x0009ffff]
[    0.000000] Scanning 1 areas for low memory corruption
[    0.000000] RAMDISK: [mem 0x35a6f000-0x36d2efff]
[    0.000000] ACPI: Early table checksum verification disabled
[    0.000000] ACPI: RSDP 0x00000000000E0000 000024 (v02 VBOX  )
[    0.000000] ACPI: XSDT 0x000000003FFF0030 00003C (v01 VBOX   VBOXXSDT 00000001 ASL  00000061)
[    0.000000] ACPI: FACP 0x000000003FFF00F0 0000F4 (v04 VBOX   VBOXFACP 00000001 ASL  00000061)
[    0.000000] ACPI: DSDT 0x000000003FFF0470 0022EA (v02 VBOX   VBOXBIOS 00000002 INTL 20100528)
[    0.000000] ACPI: FACS 0x000000003FFF0200 000040
[    0.000000] ACPI: FACS 0x000000003FFF0200 000040
[    0.000000] ACPI: APIC 0x000000003FFF0240 00005C (v02 VBOX   VBOXAPIC 00000001 ASL  00000061)
[    0.000000] ACPI: SSDT 0x000000003FFF02A0 0001CC (v01 VBOX   VBOXCPUT 00000002 INTL 20100528)
[    0.000000] No NUMA configuration found
[    0.000000] Faking a node at [mem 0x0000000000000000-0x000000003ffeffff]
[    0.000000] NODE_DATA(0) allocated [mem 0x3ffc5000-0x3ffeffff]
[    0.000000] kvm-clock: cpu 0, msr 0:3ff44001, primary cpu clock
[    0.000000] kvm-clock: Using msrs 4b564d01 and 4b564d00
[    0.000000] kvm-clock: using sched offset of 3505276210 cycles
[    0.000000] clocksource: kvm-clock: mask: 0xffffffffffffffff max_cycles: 0x1cd42e4dffb, max_idle_ns: 881590591483 ns
[    0.000000] Zone ranges:
[    0.000000]   DMA      [mem 0x0000000000001000-0x0000000000ffffff]
[    0.000000]   DMA32    [mem 0x0000000001000000-0x000000003ffeffff]
[    0.000000]   Normal   empty
[    0.000000]   Device   empty
[    0.000000] Movable zone start for each node
[    0.000000] Early memory node ranges
[    0.000000]   node   0: [mem 0x0000000000001000-0x000000000009efff]
[    0.000000]   node   0: [mem 0x0000000000100000-0x000000003ffeffff]
[    0.000000] Reserved but unavailable: 98 pages
[    0.000000] Initmem setup node 0 [mem 0x0000000000001000-0x000000003ffeffff]
[    0.000000] ACPI: PM-Timer IO Port: 0x4008
[    0.000000] IOAPIC[0]: apic_id 2, version 32, address 0xfec00000, GSI 0-23
[    0.000000] ACPI: INT_SRC_OVR (bus 0 bus_irq 0 global_irq 2 dfl dfl)
[    0.000000] ACPI: INT_SRC_OVR (bus 0 bus_irq 9 global_irq 9 low level)
[    0.000000] Using ACPI (MADT) for SMP configuration information
[    0.000000] smpboot: Allowing 2 CPUs, 0 hotplug CPUs
[    0.000000] PM: Registered nosave memory: [mem 0x00000000-0x00000fff]
[    0.000000] PM: Registered nosave memory: [mem 0x0009f000-0x0009ffff]
[    0.000000] PM: Registered nosave memory: [mem 0x000a0000-0x000effff]
[    0.000000] PM: Registered nosave memory: [mem 0x000f0000-0x000fffff]
[    0.000000] e820: [mem 0x40000000-0xfebfffff] available for PCI devices
[    0.000000] Booting paravirtualized kernel on KVM
[    0.000000] clocksource: refined-jiffies: mask: 0xffffffff max_cycles: 0xffffffff, max_idle_ns: 7645519600211568 ns
[    0.000000] random: get_random_bytes called from start_kernel+0x99/0x4fd with crng_init=0
[    0.000000] setup_percpu: NR_CPUS:8192 nr_cpumask_bits:2 nr_cpu_ids:2 nr_node_ids:1
[    0.000000] percpu: Embedded 45 pages/cpu s147456 r8192 d28672 u1048576
[    0.000000] PV qspinlock hash table entries: 256 (order: 0, 4096 bytes)
[    0.000000] Built 1 zonelists, mobility grouping on.  Total pages: 257913
[    0.000000] Policy zone: DMA32
[    0.000000] Kernel command line: BOOT_IMAGE=/boot/vmlinuz-4.15.0-74-generic root=LABEL=cloudimg-rootfs ro console=tty1 console=ttyS0
[    0.000000] Memory: 983080K/1048120K available (12300K kernel code, 2481K rwdata, 4260K rodata, 2428K init, 2704K bss, 65040K reserved, 0K cma-reserved)
[    0.000000] SLUB: HWalign=64, Order=0-3, MinObjects=0, CPUs=2, Nodes=1
[    0.000000] Kernel/User page tables isolation: enabled
[    0.000000] ftrace: allocating 39322 entries in 154 pages
[    0.004000] Hierarchical RCU implementation.
[    0.004000] 	RCU restricting CPUs from NR_CPUS=8192 to nr_cpu_ids=2.
[    0.004000] 	Tasks RCU enabled.
[    0.004000] RCU: Adjusting geometry for rcu_fanout_leaf=16, nr_cpu_ids=2
[    0.004000] NR_IRQS: 524544, nr_irqs: 440, preallocated irqs: 16
[    0.004000] Console: colour VGA+ 80x25
[    0.004000] console [tty1] enabled
[    0.004000] console [ttyS0] enabled
[    0.004000] ACPI: Core revision 20170831
[    0.004000] ACPI: 2 ACPI AML tables successfully acquired and loaded
[    0.004000] APIC: Switch to symmetric I/O mode setup
[    0.004000] x2apic enabled
[    0.004000] Switched APIC routing to physical x2apic.
[    0.004000] ..TIMER: vector=0x30 apic1=0 pin1=2 apic2=-1 pin2=-1
[    0.004005] tsc: Detected 2592.000 MHz processor
[    0.005181] Calibrating delay loop (skipped) preset value.. 5184.00 BogoMIPS (lpj=10368000)
[    0.005496] pid_max: default: 32768 minimum: 301
[    0.008031] Security Framework initialized
[    0.008776] Yama: becoming mindful.
[    0.009440] AppArmor: AppArmor initialized
[    0.013174] Dentry cache hash table entries: 131072 (order: 8, 1048576 bytes)
[    0.014562] Inode-cache hash table entries: 65536 (order: 7, 524288 bytes)
[    0.016014] Mount-cache hash table entries: 2048 (order: 2, 16384 bytes)
[    0.017607] Mountpoint-cache hash table entries: 2048 (order: 2, 16384 bytes)
[    0.019573] Last level iTLB entries: 4KB 64, 2MB 8, 4MB 8
[    0.020004] Last level dTLB entries: 4KB 64, 2MB 0, 4MB 0, 1GB 4
[    0.021060] Spectre V1 : Mitigation: usercopy/swapgs barriers and __user pointer sanitization
[    0.022794] Spectre V2 : Mitigation: Full generic retpoline
[    0.024001] Spectre V2 : Spectre v2 / SpectreRSB mitigation: Filling RSB on context switch
[    0.025548] Speculative Store Bypass: Vulnerable
[    0.026862] MDS: Vulnerable: Clear CPU buffers attempted, no microcode
[    0.028123] Freeing SMP alternatives memory: 36K
[    0.139062] smpboot: CPU0: Intel(R) Core(TM) i7-9750H CPU @ 2.60GHz (family: 0x6, model: 0x9e, stepping: 0xa)
[    0.140000] Performance Events: unsupported p6 CPU model 158 no PMU driver, software events only.
[    0.140033] Hierarchical SRCU implementation.
[    0.141649] NMI watchdog: Perf event create on CPU 0 failed with -2
[    0.143034] NMI watchdog: Perf NMI watchdog permanently disabled
[    0.144033] smp: Bringing up secondary CPUs ...
[    0.144906] x86: Booting SMP configuration:
[    0.145678] .... node  #0, CPUs:      #1
[    0.004000] kvm-clock: cpu 1, msr 0:3ff44041, secondary cpu clock
[    0.151485] smp: Brought up 1 node, 2 CPUs
[    0.152005] smpboot: Max logical packages: 1
[    0.152804] smpboot: Total of 2 processors activated (10368.00 BogoMIPS)
[    0.154483] devtmpfs: initialized
[    0.154483] x86/mm: Memory block size: 128MB
[    0.156104] evm: security.selinux
[    0.156722] evm: security.SMACK64
[    0.157330] evm: security.SMACK64EXEC
[    0.157995] evm: security.SMACK64TRANSMUTE
[    0.158730] evm: security.SMACK64MMAP
[    0.160002] evm: security.apparmor
[    0.160785] evm: security.ima
[    0.161337] evm: security.capability
[    0.162012] clocksource: jiffies: mask: 0xffffffff max_cycles: 0xffffffff, max_idle_ns: 7645041785100000 ns
[    0.164010] futex hash table entries: 512 (order: 3, 32768 bytes)
[    0.166325] pinctrl core: initialized pinctrl subsystem
[    0.167379] RTC time: 12:49:59, date: 01/19/20
[    0.168123] NET: Registered protocol family 16
[    0.168985] audit: initializing netlink subsys (disabled)
[    0.169969] audit: type=2000 audit(1579438205.063:1): state=initialized audit_enabled=0 res=1
[    0.172013] cpuidle: using governor ladder
[    0.172770] cpuidle: using governor menu
[    0.173512] ACPI: bus type PCI registered
[    0.174250] acpiphp: ACPI Hot Plug PCI Controller Driver version: 0.5
[    0.175454] PCI: Using configuration type 1 for base access
[    0.176694] HugeTLB registered 2.00 MiB page size, pre-allocated 0 pages
[    0.177416] ACPI: Added _OSI(Module Device)
[    0.180006] ACPI: Added _OSI(Processor Device)
[    0.181171] ACPI: Added _OSI(3.0 _SCP Extensions)
[    0.182482] ACPI: Added _OSI(Processor Aggregator Device)
[    0.183610] ACPI: Added _OSI(Linux-Dell-Video)
[    0.184003] ACPI: Added _OSI(Linux-Lenovo-NV-HDMI-Audio)
[    0.185102] ACPI: Added _OSI(Linux-HPI-Hybrid-Graphics)
[    0.186590] ACPI: Executed 1 blocks of module-level executable AML code
[    0.190433] ACPI: Interpreter enabled
[    0.192014] ACPI: (supports S0 S5)
[    0.192655] ACPI: Using IOAPIC for interrupt routing
[    0.193805] PCI: Using host bridge windows from ACPI; if necessary, use "pci=nocrs" and report a bug
[    0.196178] ACPI: Enabled 2 GPEs in block 00 to 07
[    0.202066] ACPI: PCI Root Bridge [PCI0] (domain 0000 [bus 00-ff])
[    0.203751] acpi PNP0A03:00: _OSC: OS supports [ASPM ClockPM Segments MSI]
[    0.204386] acpi PNP0A03:00: _OSC: not requesting OS control; OS requires [ExtendedConfig ASPM ClockPM MSI]
[    0.206098] acpi PNP0A03:00: fail to add MMCONFIG information, can't access extended PCI configuration space under this bridge.
[    0.208370] PCI host bridge to bus 0000:00
[    0.209630] pci_bus 0000:00: root bus resource [io  0x0000-0x0cf7 window]
[    0.212002] pci_bus 0000:00: root bus resource [io  0x0d00-0xffff window]
[    0.213539] pci_bus 0000:00: root bus resource [mem 0x000a0000-0x000bffff window]
[    0.215172] pci_bus 0000:00: root bus resource [mem 0x40000000-0xfdffffff window]
[    0.216007] pci_bus 0000:00: root bus resource [bus 00-ff]
[    0.220501] pci 0000:00:01.1: legacy IDE quirk: reg 0x10: [io  0x01f0-0x01f7]
[    0.221841] pci 0000:00:01.1: legacy IDE quirk: reg 0x14: [io  0x03f6]
[    0.222985] pci 0000:00:01.1: legacy IDE quirk: reg 0x18: [io  0x0170-0x0177]
[    0.224003] pci 0000:00:01.1: legacy IDE quirk: reg 0x1c: [io  0x0376]
[    0.237394] pci 0000:00:07.0: quirk: [io  0x4000-0x403f] claimed by PIIX4 ACPI
[    0.239148] pci 0000:00:07.0: quirk: [io  0x4100-0x410f] claimed by PIIX4 SMB
[    0.245107] ACPI: PCI Interrupt Link [LNKA] (IRQs 5 9 10 *11)
[    0.246610] ACPI: PCI Interrupt Link [LNKB] (IRQs 5 9 *10 11)
[    0.247905] ACPI: PCI Interrupt Link [LNKC] (IRQs 5 *9 10 11)
[    0.248183] ACPI: PCI Interrupt Link [LNKD] (IRQs 5 9 10 *11)
[    0.249997] SCSI subsystem initialized
[    0.252044] pci 0000:00:02.0: vgaarb: setting as boot VGA device
[    0.253077] pci 0000:00:02.0: vgaarb: VGA device added: decodes=io+mem,owns=io+mem,locks=none
[    0.254615] pci 0000:00:02.0: vgaarb: bridge control possible
[    0.255641] vgaarb: loaded
[    0.256032] ACPI: bus type USB registered
[    0.256978] usbcore: registered new interface driver usbfs
[    0.257990] usbcore: registered new interface driver hub
[    0.258946] usbcore: registered new device driver usb
[    0.260040] EDAC MC: Ver: 3.0.0
[    0.260844] PCI: Using ACPI for IRQ routing
[    0.261069] NetLabel: Initializing
[    0.262059] NetLabel:  domain hash size = 128
[    0.264004] NetLabel:  protocols = UNLABELED CIPSOv4 CALIPSO
[    0.265386] NetLabel:  unlabeled traffic allowed by default
[    0.266529] clocksource: Switched to clocksource kvm-clock
[    0.274697] VFS: Disk quotas dquot_6.6.0
[    0.275946] VFS: Dquot-cache hash table entries: 512 (order 0, 4096 bytes)
[    0.277783] AppArmor: AppArmor Filesystem Enabled
[    0.279119] pnp: PnP ACPI init
[    0.281062] pnp: PnP ACPI: found 3 devices
[    0.289991] clocksource: acpi_pm: mask: 0xffffff max_cycles: 0xffffff, max_idle_ns: 2085701024 ns
[    0.292093] NET: Registered protocol family 2
[    0.293158] TCP established hash table entries: 8192 (order: 4, 65536 bytes)
[    0.294938] TCP bind hash table entries: 8192 (order: 5, 131072 bytes)
[    0.297977] TCP: Hash tables configured (established 8192 bind 8192)
[    0.299487] UDP hash table entries: 512 (order: 2, 16384 bytes)
[    0.301101] UDP-Lite hash table entries: 512 (order: 2, 16384 bytes)
[    0.302425] NET: Registered protocol family 1
[    0.303606] pci 0000:00:00.0: Limiting direct PCI/PCI transfers
[    0.304954] pci 0000:00:01.0: Activating ISA DMA hang workarounds
[    0.306217] pci 0000:00:02.0: Video device with shadowed ROM at [mem 0x000c0000-0x000dffff]
[    0.307958] Unpacking initramfs...
[    0.555023] Freeing initrd memory: 19200K
[    0.556360] clocksource: tsc: mask: 0xffffffffffffffff max_cycles: 0x255cb6cc5db, max_idle_ns: 440795203504 ns
[    0.559022] platform rtc_cmos: registered platform RTC device (no PNP device found)
[    0.561074] Scanning for low memory corruption every 60 seconds
[    0.563033] Initialise system trusted keyrings
[    0.564034] Key type blacklist registered
[    0.565024] workingset: timestamp_bits=36 max_order=18 bucket_order=0
[    0.567316] zbud: loaded
[    0.568627] squashfs: version 4.0 (2009/01/31) Phillip Lougher
[    0.570120] fuse init (API version 7.26)
[    0.573158] Key type asymmetric registered
[    0.574489] Asymmetric key parser 'x509' registered
[    0.575821] Block layer SCSI generic (bsg) driver version 0.4 loaded (major 246)
[    0.577776] io scheduler noop registered
[    0.578733] io scheduler deadline registered
[    0.579834] io scheduler cfq registered (default)
[    0.581662] ACPI: AC Adapter [AC] (on-line)
[    0.582748] input: Power Button as /devices/LNXSYSTM:00/LNXPWRBN:00/input/input0
[    0.584436] ACPI: Power Button [PWRF]
[    0.585279] input: Sleep Button as /devices/LNXSYSTM:00/LNXSLPBN:00/input/input1
[    0.586926] ACPI: Sleep Button [SLPF]
[    0.589025] ACPI: Battery Slot [BAT0] (battery present)
[    0.590314] Serial: 8250/16550 driver, 32 ports, IRQ sharing enabled
 	
 !"#$%&'()*+,-./89:;<=>?@ABCDEFGHIJKLMNOPQRSTUVWXYZ[\]^_`abcdefwxyz{|}~€‚ƒ„…†‡ˆ•–—˜™š›œžŸ ¡¢£¤¥¦§¨©ª«¬­®¯°±²³´µ¶·¸¹º»¼½¾¿ÀÁÂÃÄÅÆÇÈÉÊËÌÍÎÏÐÑÒÓÔÕÖ×ØÙÚÛÜÝÞßàáâãäåæçèéêëìíîïðñòóôõö÷øùúûüýþÿ[    0.615004] 00:02: ttyS0 at I/O 0x3f8 (irq = 4, base_baud = 115200) is a 16550A
[    0.620473] Linux agpgart interface v0.103
[    0.622798] loop: module loaded
[    0.624181] scsi host0: ata_piix
[    0.625136] scsi host1: ata_piix
[    0.625927] ata1: PATA max UDMA/33 cmd 0x1f0 ctl 0x3f6 bmdma 0xd000 irq 14
[    0.627654] ata2: PATA max UDMA/33 cmd 0x170 ctl 0x376 bmdma 0xd008 irq 15
[    0.629350] libphy: Fixed MDIO Bus: probed
[    0.630345] tun: Universal TUN/TAP device driver, 1.6
[    0.631810] PPP generic driver version 2.4.2
[    0.632916] ehci_hcd: USB 2.0 'Enhanced' Host Controller (EHCI) Driver
[    0.634261] ehci-pci: EHCI PCI platform driver
[    0.635310] ehci-platform: EHCI generic platform driver
[    0.636698] ohci_hcd: USB 1.1 'Open' Host Controller (OHCI) Driver
[    0.638287] ohci-pci: OHCI PCI platform driver
[    0.639384] ohci-platform: OHCI generic platform driver
[    0.640586] uhci_hcd: USB Universal Host Controller Interface driver
[    0.642530] i8042: PNP: PS/2 Controller [PNP0303:PS2K,PNP0f03:PS2M] at 0x60,0x64 irq 1,12
[    0.644919] serio: i8042 KBD port at 0x60,0x64 irq 1
[    0.646438] serio: i8042 AUX port at 0x60,0x64 irq 12
[    0.648038] mousedev: PS/2 mouse device common for all mice
[    0.649929] rtc_cmos rtc_cmos: rtc core: registered rtc_cmos as rtc0
[    0.651580] rtc_cmos rtc_cmos: alarms up to one day, 114 bytes nvram
[    0.653560] i2c /dev entries driver
[    0.654377] input: AT Translated Set 2 keyboard as /devices/platform/i8042/serio0/input/input2
[    0.656133] device-mapper: uevent: version 1.0.3
[    0.657573] device-mapper: ioctl: 4.37.0-ioctl (2017-09-20) initialised: dm-devel@redhat.com
[    0.659501] ledtrig-cpu: registered to indicate activity on CPUs
[    0.661745] NET: Registered protocol family 10
[    0.666095] Segment Routing with IPv6
[    0.667019] NET: Registered protocol family 17
[    0.668080] Key type dns_resolver registered
[    0.669161] mce: Using 0 MCE banks
[    0.669907] RAS: Correctable Errors collector initialized.
[    0.671023] sched_clock: Marking stable (669103256, 0)->(840362495, -171259239)
[    0.672975] registered taskstats version 1
[    0.673810] Loading compiled-in X.509 certificates
[    0.676582] Loaded X.509 cert 'Build time autogenerated kernel key: 62d24f9c726e026b112735485dad6e6e4b50c923'
[    0.678788] zswap: loaded using pool lzo/zbud
[    0.683469] Key type big_key registered
[    0.684546] Key type trusted registered
[    0.686653] Key type encrypted registered
[    0.687495] AppArmor: AppArmor sha1 policy hashing enabled
[    0.688693] ima: No TPM chip found, activating TPM-bypass! (rc=-19)
[    0.690183] ima: Allocated hash algorithm: sha1
[    0.691096] evm: HMAC attrs: 0x1
[    0.692012]   Magic number: 4:456:835
[    0.692888] rtc_cmos rtc_cmos: setting system clock to 2020-01-19 12:50:00 UTC (1579438200)
[    0.695319] BIOS EDD facility v0.16 2004-Jun-25, 0 devices found
[    0.696696] EDD information not available.
[    0.790125] Freeing unused kernel image memory: 2428K
[    0.804080] Write protecting the kernel read-only data: 20480k
[    0.805777] Freeing unused kernel image memory: 2008K
[    0.807060] Freeing unused kernel image memory: 1884K
[    0.812781] x86/mm: Checked W+X mappings: passed, no W+X pages found.
[    0.814248] x86/mm: Checking user space page tables
[    0.819759] x86/mm: Checked W+X mappings: passed, no W+X pages found.
Loading, please wait...
starting version 237
[    0.874235] e1000: Intel(R) PRO/1000 Network Driver - version 7.3.21-k8-NAPI
[    0.876077] e1000: Copyright (c) 1999-2006 Intel Corporation.
[    0.882647] Fusion MPT base driver 3.04.20
[    0.883952] Copyright (c) 1999-2008 LSI Corporation
[    0.888984] Fusion MPT SPI Host driver 3.04.20
[    0.899801] AVX2 version of gcm_enc/dec engaged.
[    0.901267] AES CTR mode by8 optimization enabled
[    1.101392] input: ImExPS/2 Generic Explorer Mouse as /devices/platform/i8042/serio1/input/input4
[    1.291268] e1000 0000:00:03.0 eth0: (PCI:33MHz:32-bit) 02:22:e7:1f:39:14
[    1.293076] e1000 0000:00:03.0 eth0: Intel(R) PRO/1000 Network Connection
[    1.296854] e1000 0000:00:03.0 enp0s3: renamed from eth0
[    1.298587] mptbase: ioc0: Initiating bringup
[    1.408546] ioc0: LSI53C1030 A0: Capabilities={Initiator}
[    2.370505] scsi host2: ioc0: LSI53C1030 A0, FwRev=00000000h, Ports=1, MaxQ=256, IRQ=20
[    2.887141] scsi 2:0:0:0: Direct-Access     VBOX     HARDDISK         1.0  PQ: 0 ANSI: 5
[    2.924209] scsi target2:0:0: Beginning Domain Validation
[    2.928919] scsi target2:0:0: Domain Validation skipping write tests
[    2.930574] scsi target2:0:0: Ending Domain Validation
[    2.931952] scsi target2:0:0: asynchronous
[    2.933806] scsi 2:0:1:0: Direct-Access     VBOX     HARDDISK         1.0  PQ: 0 ANSI: 5
[    2.964087] scsi target2:0:1: Beginning Domain Validation
[    2.966589] random: fast init done
[    2.967614] scsi target2:0:1: Domain Validation skipping write tests
[    2.968981] scsi target2:0:1: Ending Domain Validation
[    2.970138] scsi target2:0:1: asynchronous
[    2.975059] random: systemd-udevd: uninitialized urandom read (16 bytes read)
[    2.976557] random: systemd-udevd: uninitialized urandom read (16 bytes read)
[    2.977959] random: systemd-udevd: uninitialized urandom read (16 bytes read)
[    2.979602] sd 2:0:0:0: Attached scsi generic sg0 type 0
[    2.979636] sd 2:0:0:0: [sda] 20971520 512-byte logical blocks: (10.7 GB/10.0 GiB)
[    2.981053] sd 2:0:1:0: Attached scsi generic sg1 type 0
[    2.982266] sd 2:0:0:0: [sda] Write Protect is off
[    2.984266] sd 2:0:0:0: [sda] Incomplete mode parameter data
[    2.985325] sd 2:0:0:0: [sda] Assuming drive cache: write through
[    2.985340] sd 2:0:1:0: [sdb] 20480 512-byte logical blocks: (10.5 MB/10.0 MiB)
[    2.988571] sd 2:0:1:0: [sdb] Write Protect is off
[    2.988921]  sda: sda1
[    2.990234] sd 2:0:1:0: [sdb] Incomplete mode parameter data
[    2.990666] sd 2:0:0:0: [sda] Attached SCSI disk
[    2.991304] sd 2:0:1:0: [sdb] Assuming drive cache: write through
[    2.995616] sd 2:0:1:0: [sdb] Attached SCSI disk
Begin: Loading essential drivers ... [    4.368604] raid6: sse2x1   gen() 13717 MB/s
[    4.417952] raid6: sse2x1   xor()  9887 MB/s
[    4.464260] raid6: sse2x2   gen() 16668 MB/s
[    4.512572] raid6: sse2x2   xor() 11012 MB/s
[    4.560182] raid6: sse2x4   gen() 19778 MB/s
[    4.608025] raid6: sse2x4   xor() 11445 MB/s
[    4.656149] raid6: avx2x1   gen() 28719 MB/s
[    4.706197] raid6: avx2x1   xor() 21595 MB/s
[    4.752347] raid6: avx2x2   gen() 35743 MB/s
[    4.800176] raid6: avx2x2   xor() 21523 MB/s
[    4.848119] raid6: avx2x4   gen() 37355 MB/s
[    4.896328] raid6: avx2x4   xor() 22794 MB/s
[    4.897707] raid6: using algorithm avx2x4 gen() 37355 MB/s
[    4.898786] raid6: .... xor() 22794 MB/s, rmw enabled
[    4.899728] raid6: using avx2x2 recovery algorithm
[    4.901564] xor: automatically using best checksumming function   avx       
[    4.904126] async_tx: api initialized (async)
done.
Begin: Running /scripts/init-premount ... done.
Begin: Mounting root file system ... Begin: Running /scripts/local-top ... done.
Begin: Running /scripts/local-premount ... [    4.939215] Btrfs loaded, crc32c=crc32c-intel
Scanning for Btrfs filesystems
done.
Warning: fsck not present, so skipping root file system
[    4.958065] EXT4-fs (sda1): mounted filesystem with ordered data mode. Opts: (null)
done.
Begin: Running /scripts/local-bottom ... done.
Begin: Running /scripts/init-bottom ... done.
[    5.074638] ip_tables: (C) 2000-2006 Netfilter Core Team
[    5.080091] systemd[1]: systemd 237 running in system mode. (+PAM +AUDIT +SELINUX +IMA +APPARMOR +SMACK +SYSVINIT +UTMP +LIBCRYPTSETUP +GCRYPT +GNUTLS +ACL +XZ +LZ4 +SECCOMP +BLKID +ELFUTILS +KMOD -IDN2 +IDN -PCRE2 default-hierarchy=hybrid)
[    5.084354] systemd[1]: Detected virtualization oracle.
[    5.085388] systemd[1]: Detected architecture x86-64.

Welcome to [1mUbuntu 18.04.3 LTS[0m!

[    5.090369] systemd[1]: Set hostname to <ubuntu>.
[    5.093022] systemd[1]: Initializing machine ID from random generator.
[    5.094290] systemd[1]: Installed transient /etc/machine-id file.
[    5.238230] systemd[1]: Created slice System Slice.
[[0;32m  OK  [0m] Created slice System Slice.
[    5.239792] systemd[1]: Created slice system-serial\x2dgetty.slice.
[[0;32m  OK  [0m] Created slice system-serial\x2dgetty.slice.
[    5.241628] systemd[1]: Listening on Journal Audit Socket.
[[0;32m  OK  [0m] Listening on Journal Audit Socket.
[    5.243415] systemd[1]: Listening on Journal Socket.
[[0;32m  OK  [0m] Listening on Journal Socket.
[[0;32m  OK  [0m] Listening on LVM2 metadata daemon socket.
         Starting Uncomplicated firewall...
         Starting Load Kernel Modules...
[[0;32m  OK  [0m] Listening on Syslog Socket.
[[0;32m  OK  [0m] Reached target User and Group Name Lookups.
[    5.277678] Loading iSCSI transport class v2.0-870.
         Mounting Kernel Debug File System...
[[0;32m  OK  [0m] Started Forward Password Requests to Wall Directory Watch.
         Mounting Huge Pages File System...
[[0;32m  OK  [0m] Listening on Network Service Netlink Socket.
[[0;32m  OK  [0m] Listening on Journal Socket (/dev/log).
[    5.286406] iscsi: registered transport (tcp)
         Starting Journal Service...
[[0;32m  OK  [0m] Listening on LVM2 poll daemon socket.
[[0;32m  OK  [0m] Created slice User and Session Slice.
[[0;32m  OK  [[    5.299943] iscsi: registered transport (iser)
0m] Reached target Slices.
[[0;32m  OK  [0m] Reached target System Time Synchronized.
[[0;32m  OK  [0m] Listening on udev Control Socket.
         Starting Create list of required stâ€¦ce nodes for the current kernel...
[[0;32m  OK  [0m] Listening on Device-mapper event daemon FIFOs.
         Starting Monitoring of LVM2 mirrorsâ€¦ng dmeventd or progress polling...
[[0;32m  OK  [0m] Set up automount Arbitrary Executabâ€¦rmats File System Automount Point.
[[0;32m  OK  [0m] Listening on /dev/initctl Compatibility Named Pipe.
[[0;32m  OK  [0m] Reached target Swap.
[[0;32m  OK  [0m] Listening on udev Kernel Socket.
         Starting udev Coldplug all Devices...
         Starting Remount Root and Kernel File Systems...
         Starting Set the console keyboard layout...
         Mounting POSIX Message Queue File System...
[[0;32m  OK  [0m] Started Journal Service.
[[0;32m  OK  [0m] Started Uncomplicated firewall.
[[0;32m  OK  [0m] Started Load Kernel Modules.
[[0;32m  OK  [0m] Mounted Kernel Debug File System.
[    5.375225] EXT4-fs (sda1): re-mounted. Opts: (null)
[[0;32m  OK  [0m] Mounted Huge Pages File System.
[[0;32m  OK  [0m] Started Create list of required staâ€¦vice nodes for the current kernel.
[[0;32m  OK  [0m] Started Remount Root and Kernel File Systems.
[[0;32m  OK  [0m] Mounted POSIX Message Queue File System.
[[0;32m  OK  [0m] Started LVM2 metadata daemon.
         Starting Load/Save Random Seed...
         Starting Create Static Device Nodes in /dev...
         Mounting Kernel Configuration File System...
         Starting Apply Kernel Variables...
         Mounting FUSE Control File System...
         Starting Flush Journal to Persistent Storage...
[[0;32m  OK  [0m] Started udev Coldplug all Devices.
[[0;32m  OK  [0m] Started Load/Save Random Seed.
[[0;32m  OK  [0m] Started Create Static Device Nodes in /dev.
[[0;32m  OK  [0m] Mounted Kernel Configuration File System.
[[0;32m  OK  [0m] Mounted FUSE Control File System.
         Starting udev Kernel Device Manager...
[[0;32m  OK  [0m] Started Set the console keyboard layout.
[[0;32m  OK  [0m] Started Monitoring of LVM2 mirrors,â€¦sing dmeventd or progress polling.
[[0;32m  OK  [0m] Reached target Local File Systems (Pre).
[[0;32m  OK  [0m] Reached target Local File Systems.
         Starting AppArmor initialization...
         Starting Set console font and keymap...
         Starting Commit a transient machine-id on disk...
         Starting Tell Plymouth To Write Out Runtime Data...
         Starting ebtables ruleset management...
[[0;32m  OK  [0m] Started udev Kernel Device Manager.
[[0;32m  OK  [0m] Started Apply Kernel Variables.
[[0;32m  OK  [0m] Started Set console font and keymap.
[[0;32m  OK  [0m] Started Tell Plymouth To Write Out Runtime Data.
[[0;32m  OK  [0m] Started Dispatch Password Requests to Console Directory Watch.
[[0;32m  OK  [0m] Reached target Local Encrypted Volumes.
[[0;32m  OK  [0m] Started Commit a transient machine-id on disk.
[[0;32m  OK  [0m] Started Flush Journal to Persistent Storage.
         Starting Create Volatile Files and Directories...
[[0;32m  OK  [0m] Started ebtables ruleset management.
[[0;32m  OK  [0m] Started Create Volatile Files and Directories.
         Starting Update UTMP about System Boot/Shutdown...
[[0;32m  OK  [0m] Started Update UTMP about System Boot/Shutdown.
[[0;32m  OK  [0m] Found device /dev/ttyS0.
[[0;32m  OK  [0m] Listening on Load/Save RF Kill Switch Status /dev/rfkill Watch.
[[0;32m  OK  [0m] Started AppArmor initialization.
         Starting Initial cloud-init job (pre-networking)...
[    6.827831] cloud-init[548]: Cloud-init v. 19.3-41-gc4735dd3-0ubuntu1~18.04.1 running 'init-local' at Sun, 19 Jan 2020 12:50:06 +0000. Up 6.56 seconds.
[[0;32m  OK  [0m] Started Initial cloud-init job (pre-networking).
[[0;32m  OK  [0m] Reached target Network (Pre).
         Starting Network Service...
[[0;32m  OK  [0m] Started Network Service.
         Starting Network Name Resolution...
         Starting Wait for Network to be Configured...
[[0;32m  OK  [0m] Started Network Name Resolution.
[[0;32m  OK  [0m] Reached target Network.
[[0;32m  OK  [0m] Reached target Host and Network Name Lookups.
[[0;32m  OK  [0m] Started Wait for Network to be Configured.
         Starting Initial cloud-init job (metadata service crawler)...
[    8.429870] cloud-init[656]: Cloud-init v. 19.3-41-gc4735dd3-0ubuntu1~18.04.1 running 'init' at Sun, 19 Jan 2020 12:50:08 +0000. Up 8.32 seconds.
[    8.431974] cloud-init[656]: ci-info: ++++++++++++++++++++++++++++++++++++++Net device info++++++++++++++++++++++++++++++++++++++
[    8.433902] cloud-init[656]: ci-info: +--------+------+----------------------------+---------------+--------+-------------------+
[    8.435820] cloud-init[656]: ci-info: | Device |  Up  |          Address           |      Mask     | Scope  |     Hw-Address    |
[    8.437896] cloud-init[656]: ci-info: +--------+------+----------------------------+---------------+--------+-------------------+
[    8.439688] cloud-init[656]: ci-info: | enp0s3 | True |         10.0.2.15          | 255.255.255.0 | global | 02:22:e7:1f:39:14 |
[    8.441481] cloud-init[656]: ci-info: | enp0s3 | True | fe80::22:e7ff:fe1f:3914/64 |       .       |  link  | 02:22:e7:1f:39:14 |
[    8.443285] cloud-init[656]: ci-info: |   lo   | True |         127.0.0.1          |   255.0.0.0   |  host  |         .         |
[    8.445784] cloud-init[656]: ci-info: |   lo   | True |          ::1/128           |       .       |  host  |         .         |
[    8.447510] cloud-init[656]: ci-info: +--------+------+----------------------------+---------------+--------+-------------------+
[    8.449321] cloud-init[656]: ci-info: ++++++++++++++++++++++++++++Route IPv4 info+++++++++++++++++++++++++++++
[    8.450811] cloud-init[656]: ci-info: +-------+-------------+----------+-----------------+-----------+-------+
[    8.452331] cloud-init[656]: ci-info: | Route | Destination | Gateway  |     Genmask     | Interface | Flags |
[    8.453671] cloud-init[656]: ci-info: +-------+-------------+----------+-----------------+-----------+-------+
[    8.455160] cloud-init[656]: ci-info: |   0   |   0.0.0.0   | 10.0.2.2 |     0.0.0.0     |   enp0s3  |   UG  |
[    8.456731] cloud-init[656]: ci-info: |   1   |   10.0.2.0  | 0.0.0.0  |  255.255.255.0  |   enp0s3  |   U   |
[    8.468445] cloud-init[656]: ci-info: |   2   |   10.0.2.2  | 0.0.0.0  | 255.255.255.255 |   enp0s3  |   UH  |
[    8.480237] cloud-init[656]: ci-info: +-------+-------------+----------+-----------------+-----------+-------+
[    8.492359] cloud-init[656]: ci-info: +++++++++++++++++++Route IPv6 info+++++++++++++++++++
[    8.504306] cloud-init[656]: ci-info: +-------+-------------+---------+-----------+-------+
[    8.505586] cloud-init[656]: ci-info: | Route | Destination | Gateway | Interface | Flags |
[    8.507013] cloud-init[656]: ci-info: +-------+-------------+---------+-----------+-------+
[    8.508221] cloud-init[656]: ci-info: |   1   |  fe80::/64  |    ::   |   enp0s3  |   U   |
[    8.520267] cloud-init[656]: ci-info: |   3   |    local    |    ::   |   enp0s3  |   U   |
[    8.536309] cloud-init[656]: ci-info: |   4   |   ff00::/8  |    ::   |   enp0s3  |   U   |
[    8.548749] cloud-init[656]: ci-info: +-------+-------------+---------+-----------+-------+
[    9.004027] cloud-init[656]: Generating public/private rsa key pair.
[    9.016634] cloud-init[656]: Your identification has been saved in /etc/ssh/ssh_host_rsa_key.
[    9.028691] cloud-init[656]: Your public key has been saved in /etc/ssh/ssh_host_rsa_key.pub.
[    9.029716] cloud-init[656]: The key fingerprint is:
[[0;32m  OK  [0m] Started Initial cloud-init job (metadata service crawler).
[    9.044776] cloud-init[656]: SHA256:dUiBHeiyxT0nIPvHCR5lWHYCpUNkfp4JGkKH6MXPLbo root@ubuntu-bionic
[[0;32m  OK  [0m] Reached target System Initialization.
[    9.056404] cloud-init[656]: The key's randomart image is:
         Starting LXD - unix socket.
[    9.068884] cloud-init[656]: +---[RSA 2048]----+
[    9.069518] [[0;32m  OK  [0m] Started Daily Cleanup of Temporary Directories.
[[0;32m  OK  [0m] Listening on ACPID Listen Socket.
cloud-init[656]: |   o....=OOo.    |
[[0;32m  OK  [0m] Listening on Open-iSCSI iscsid Socket.
[    9.071890] cloud-init[[0;32m  OK  [0m] Started ACPI Events Check.
[[0;32m  OK  [0m] Started Daily apt download activities.
[[0;32m  OK  [0m] Started Daily apt upgrade and clean activities.
[[0;32m  OK  [0m] Started Message of the Day.
[[0;32m  OK  [0m] Reached target Paths.
[[0;32m  OK  [0m] Listening on D-Bus System Message Bus Socket.
[656]: |  ..+..+=+++     |
         Starting Socket activation for snappy daemon.
[[0;32m  OK  [0m] Started Discard unused blocks once a week.
[[0;32m  OK  [0m] Reached target Timers.
[[0;32m  OK  [0m] Listening on UUID daemon activation socket.
[[0;32m  OK  [0m] Reached target Cloud-config availability.
[[0;32m  OK  [0m] Reached target Network is Online.
[    9.079268] cloud-init[656]: | . ..o.*==+ .    |
[    9.085862] cloud-init[656]: |  .  .*oB*++.    |
[    9.086892] cloud-init[656]: |     ..BS++=     |
         Starting Availability of block devices...
[[0;32m  OK  [0m] Reached target Remote File Systems (Pre).
[[0;32m  OK  [0m] Reached target Remote File Systems.
[[0;32m  OK  [0m] Listening on LXD - unix socket.
[[0;32m  OK  [0m] Listening on Socket activation for snappy daemon.
[[0;32m  OK  [0m] Started Availability of block devices.
[    9.091732] cloud-init[656]: |    . . o +      |
[[    9.132890] cloud-init[656]: |     .   .       |
[0;32m  OK  [0m] Reached target Sockets.
[    9.133004] cloud-init[656]: |    E            |
[[    9.134429] cloud-init[656]: |                 |
[    9.134514] cloud-init[656]: +----[SHA256]-----+
[    9.135281] cloud-init[656]: Generating public/private dsa key pair.
[    9.136306] cloud-init[656]: Your identification has been saved in /etc/ssh/ssh_host_dsa_key.
[    9.137010] cloud-init[656]: Your public key has been saved in /etc/ssh/ssh_host_dsa_key.pub.
[    9.137718] cloud-init[656]: The key fingerprint is:
[    9.138436] cloud-init[656]: SHA256:/FpJTTeVxWTTuPnB0UqyEuoWn8zChqlARXMPVYPvetE root@ubuntu-bionic
[    9.139153] cloud-init[656]: The key's randomart image is:
[    9.139840] cloud-init[656]: +---[DSA 1024]----+
[    9.140456] cloud-init[656]: |   .o o..oo    =X|
[    9.141007] cloud-init[656]: |    .o o. ... o==|
[    9.141696] cloud-init[656]: |   .    .o ..+++.|
[    9.142384] cloud-init[656]: |  .    .o oo..++ |
[    9.143101] cloud-init[656]: | .     =S*.+.  ..|
[    9.143697] cloud-init[656]: |  .   o *oB.E   .|
[0;32m  OK  [0m] Reached target Basic System.
         Starting LSB: Record successful boot for GRUB...
         Starting Virtualbox guest utils...
[[0;32m  OK  [0m] Started FUSE filesystem for LXC.
[[0;32m  OK  [0m] Started Deferred execution scheduler.
[    9.143921] cloud-init[656]: |   . . o o+.     |
         Starting Permit User Sessions...
[    9.153369] cloud-init[656]: |    .   .o.      |         Starting Accounts Service...

         Starting LSB: automatic crash report generation...
[    9.164340] cloud-init[656]: |        ..       |
[    9.177226] cloud-init[656]: +----[SHA256]-----+
         Starting Login Service...
[    9.178408] cloud-init[656]: Generating public/private ecdsa key pair.
[    9.208336] cloud-init[656]: Your identification has been saved in /etc/ssh/ssh_host_ecdsa_key.
[    9.220286] cloud-init[656]: Your public key has been saved in /etc/ssh/ssh_host_ecdsa_key.pub.
         Starting Pollinate to seed the pseudo random number generator...
[    9.234728] cloud-init[656]: The key fingerprint is:
[    9.248412] cloud-init[656]: SHA256:8NS+kdmNLG8gBpMBQ2SA35hKvNsnPh+ck7P+U1d2/5k root@ubuntu-bionic
[    9.249692]          Starting Dispatcher daemon for systemd-networkd...
cloud-init[656]: The key's randomart image is:
[    9.253296] cloud-init[[0;32m  OK  [0m] Started irqbalance daemon.
[656]: +---[ECDSA 256]---+
[    9.268783] cloud-init[656]: | ..+*..          |
[    9.269390] cloud-init[656]: |.  . . o .       |
[    9.270057] cloud-init[656]: |.. +  = . .      |
[    9.271262] cloud-init[656]: [[0;32m  OK  [0m] Started Regular background program processing daemon.
         Starting Snappy daemon...
[[0;32m  OK  [0m] Started D-Bus System Message Bus.
| o+ .  * . = = . |
[    9.288181] cloud-init[656]: |...     S B * o .|
[    9.300524] cloud-init[656]: |..  . o. o B    .|
[    9.301076] cloud-init[656]: |  o  B  . o o   +|
[    9.301778] cloud-init[656]: | . + .=.   .   E.|
[    9.312250] cloud-init[656]: |  ..*+...        |
[    9.312917] cloud-init[656]: +----[SHA256]-----+
[    9.314073] cloud-init[656]: Generating public/private ed25519 key pair.
[    9.315883] cloud-init[656]: Your identification has been saved in /etc/ssh/ssh_host_ed25519_key.
[    9.320254] cloud-init[656]: Your public key has been saved in /etc/ssh/ssh_host_ed25519_key.pub.
[    9.322157] cloud-init[656]: The key fingerprint is:
[    9.331929] cloud-init[656]: SHA256:/4W7mADDeZgYB5zwPLF7yv5Z0kpJ5kJgLE+Ozfc1MRg root@ubuntu-bionic
[    9.334575] cloud-init[656]: The key's randomart image is:
[    9.337217] cloud-init[656]: +--[ED25519 256]--+
[    9.338925] cloud-init[656]: |  .oo.E          |
[    9.340528] cloud-init[656]: | . oo+ o         |         Starting System Logging Service...
         Starting LXD - container startup/shutdown...

[[0;32m  OK  [0m] Started Permit User Sessions.
[    9.359500] cloud-init[656]: |. = * o o        |
[    9.372263] [[0;32m  OK  [0m] Started Login Service.
cloud-init[656]: | X . B + o       |
[    9.374243] [[0;32m  OK  [0m] Started Unattended Upgrades Shutdown.
         Starting Terminate Plymouth Boot Screen...
cloud-init[656]:          Starting Hold until boot process finishes up...
|. = = @ S        |[[0;32m  OK  [0m] Started Hold until boot process finishes up.
         Starting Set console scheme...
[[0;32m  OK  [0m] Started Serial Getty on ttyS0.

[    9.388345] cloud-init[656]: |   + B B o   .   |
[    9.392182] cloud-init[656]: |    + * + . . .  |[[0;32m  OK  [0m] Started Terminate Plymouth Boot Screen.

[    9.412298] cloud-init[656]: |   . o = . + o   |
[    9.426096] cloud-init[656]: |    ..+   o +.   |
[    9.427672] cloud-init[656]: +----[SHA256]-----+
[[0;32m  OK  [0m] Started System Logging Service.
[[0;32m  OK  [0m] Started Set console scheme.
[[0;32m  OK  [0m] Created slice system-getty.slice.
[[0;32m  OK  [0m] Started Getty on tty1.
[[0;32m  OK  [0m] Reached target Login Prompts.
[[0;32m  OK  [0m] Started LXD - container startup/shutdown.
         Starting Authorization Manager...
[[0;32m  OK  [0m] Started LSB: automatic crash report generation.
[[0;32m  OK  [0m] Started Authorization Manager.
[[0;32m  OK  [0m] Started Accounts Service.
[[0;32m  OK  [0m] Started LSB: Record successful boot for GRUB.
[[0;32m  OK  [0m] Started Virtualbox guest utils.
[[0;32m  OK  [0m] Started Dispatcher daemon for systemd-networkd.
[[0;32m  OK  [0m] Started Snappy daemon.
         Starting Wait until snapd is fully seeded...
[[0;32m  OK  [0m] Started Pollinate to seed the pseudo random number generator.
         Starting OpenBSD Secure Shell server...
[[0;32m  OK  [0m] Started OpenBSD Secure Shell server.
[[0;32m  OK  [0m] Created slice User Slice of vagrant.
         Starting User Manager for UID 1000...
[[0;32m  OK  [0m] Started Session 1 of user vagrant.
[[0;32m  OK  [0m] Started User Manager for UID 1000.
[[0;32m  OK  [0m] Started Wait until snapd is fully seeded.
         Starting Apply the settings specified in cloud-config...
[[0;32m  OK  [0m] Reached target Multi-User System.
[[0;32m  OK  [0m] Reached target Graphical Interface.
         Starting Update UTMP about System Runlevel Changes...
[[0;32m  OK  [0m] Started Update UTMP about System Runlevel Changes.
[   13.667482] cloud-init[1265]: Cloud-init v. 19.3-41-gc4735dd3-0ubuntu1~18.04.1 running 'modules:config' at Sun, 19 Jan 2020 12:50:13 +0000. Up 13.36 seconds.
[[0;32m  OK  [0m] Started Apply the settings specified in cloud-config.
         Starting Execute cloud user/final scripts...
ci-info: no authorized ssh keys fingerprints found for user ubuntu.
<14>Jan 19 12:50:13 ec2: 
<14>Jan 19 12:50:13 ec2: #############################################################
<14>Jan 19 12:50:13 ec2: -----BEGIN SSH HOST KEY FINGERPRINTS-----
<14>Jan 19 12:50:13 ec2: 1024 SHA256:/FpJTTeVxWTTuPnB0UqyEuoWn8zChqlARXMPVYPvetE root@ubuntu-bionic (DSA)
<14>Jan 19 12:50:13 ec2: 256 SHA256:8NS+kdmNLG8gBpMBQ2SA35hKvNsnPh+ck7P+U1d2/5k root@ubuntu-bionic (ECDSA)
<14>Jan 19 12:50:13 ec2: 256 SHA256:/4W7mADDeZgYB5zwPLF7yv5Z0kpJ5kJgLE+Ozfc1MRg root@ubuntu-bionic (ED25519)
<14>Jan 19 12:50:13 ec2: 2048 SHA256:dUiBHeiyxT0nIPvHCR5lWHYCpUNkfp4JGkKH6MXPLbo root@ubuntu-bionic (RSA)
<14>Jan 19 12:50:13 ec2: -----END SSH HOST KEY FINGERPRINTS-----
<14>Jan 19 12:50:13 ec2: #############################################################
-----BEGIN SSH HOST KEY KEYS-----
ecdsa-sha2-nistp256 AAAAE2VjZHNhLXNoYTItbmlzdHAyNTYAAAAIbmlzdHAyNTYAAABBBCKv6cj87ZG8kTGO0DIxzw392kT7wy4uJYdokpgkFgyU6EwvJCEkHDpg9y8F8YDC+jtI1k6wHJz1rOuf6SpXf8A= root@ubuntu-bionic
ssh-ed25519 AAAAC3NzaC1lZDI1NTE5AAAAICF4IVWjHMvMIvhoW4PfFXhEusWm/1EwL3Tf153u5gfl root@ubuntu-bionic
ssh-rsa AAAAB3NzaC1yc2EAAAADAQABAAABAQC5L3cXYkqrIPo+YSgOWsQrfPYcg/gaCxUfkos5r700nNSTrRUoxyvJGCnBTvG8+e4lXHdhwD4iz7SONKuPVVQ7ApMF602DJpfjyY1ADG//EeGfkaRYdltUtTP0E+ql7ka42N2Mr1vudVVw4hx10BdQ5pNCgk6JH1ZB8rZICFQtfOvHi3zUxfhH2sMU+bQSNbocEzGuVMJTjxl+Mg3uZ3mKgkR5Sw6mBYL1VF1PZx2o0Q43YHv76vfIWrplqsJOEROKcM+mn5luwJYbdyR5rT9SvDpc702gTUCG+zxhCJBMSqJcuprnXNpV0zgLBnXNJpT6/J8lvALEHjLmXW+nlNgx root@ubuntu-bionic
-----END SSH HOST KEY KEYS-----
[   14.203831] cloud-init[1402]: Cloud-init v. 19.3-41-gc4735dd3-0ubuntu1~18.04.1 running 'modules:final' at Sun, 19 Jan 2020 12:50:13 +0000. Up 14.03 seconds.
[   14.206645] cloud-init[1402]: ci-info: no authorized ssh keys fingerprints found for user ubuntu.
[   14.208757] cloud-init[1402]: Cloud-init v. 19.3-41-gc4735dd3-0ubuntu1~18.04.1 finished at Sun, 19 Jan 2020 12:50:14 +0000. Datasource DataSourceNoCloud [seed=/dev/sdb][dsmode=net].  Up 14.19 seconds
[[0;32m  OK  [0m] Started Execute cloud user/final scripts.
[[0;32m  OK  [0m] Reached target Cloud-init target.

Ubuntu 18.04.3 LTS ubuntu-bionic ttyS0

ubuntu-bionic login: 